00:00 +0: loading C:/LDA Pro/test/widget_test.dart
00:00 +0: LexGuard AI smoke test
[AppConfig] apiBaseUrl -> https://pdd-uw63.onrender.com/api/v1
ApiConstants.baseUrl -> https://pdd-uw63.onrender.com/api/v1
AuthProvider: Starting initial auth check...
Pending timers:
Timer (duration: 0:00:00.600000, periodic: false), created:
#0      new FakeTimer._ (package:fake_async/fake_async.dart:342:62)
#1      FakeAsync._createTimer (package:fake_async/fake_async.dart:260:29)
#2      FakeAsync.run.<anonymous closure> (package:fake_async/fake_async.dart:185:15)
#6      _SplashScreenState._initializeApp (package:lexguard_ai/features/auth/screens/splash_screen.dart:47:16)
#7      _SplashScreenState.initState (package:lexguard_ai/features/auth/screens/splash_screen.dart:34:5)
#8      StatefulElement._firstBuild (package:flutter/src/widgets/framework.dart:5950:55)
#9      ComponentElement.mount (package:flutter/src/widgets/framework.dart:5793:5)
...     Normal element mounting (260 frames)
#269    Element.inflateWidget (package:flutter/src/widgets/framework.dart:4587:20)
#270    MultiChildRenderObjectElement.inflateWidget (package:flutter/src/widgets/framework.dart:7264:36)
#271    MultiChildRenderObjectElement.mount (package:flutter/src/widgets/framework.dart:7279:32)
...     Normal element mounting (470 frames)
#741    SingleChildWidgetElementMixin.mount (package:nested/nested.dart:222:11)
...     Normal element mounting (7 frames)
#748    _InheritedProviderScopeElement.mount (package:provider/src/inherited_provider.dart:424:11)
...     Normal element mounting (7 frames)
#755    _InheritedProviderScopeElement.mount (package:provider/src/inherited_provider.dart:424:11)
...     Normal element mounting (7 frames)
#762    _InheritedProviderScopeElement.mount (package:provider/src/inherited_provider.dart:424:11)
...     Normal element mounting (7 frames)
#769    _InheritedProviderScopeElement.mount (package:provider/src/inherited_provider.dart:424:11)
...     Normal element mounting (7 frames)
#776    _InheritedProviderScopeElement.mount (package:provider/src/inherited_provider.dart:424:11)
...     Normal element mounting (7 frames)
#783    _InheritedProviderScopeElement.mount (package:provider/src/inherited_provider.dart:424:11)
...     Normal element mounting (7 frames)
#790    _InheritedProviderScopeElement.mount (package:provider/src/inherited_provider.dart:424:11)
...     Normal element mounting (7 frames)
#797    _InheritedProviderScopeElement.mount (package:provider/src/inherited_provider.dart:424:11)
...     Normal element mounting (7 frames)
#804    _InheritedProviderScopeElement.mount (package:provider/src/inherited_provider.dart:424:11)
...     Normal element mounting (7 frames)
#811    _InheritedProviderScopeElement.mount (package:provider/src/inherited_provider.dart:424:11)
...     Normal element mounting (7 frames)
#818    _InheritedProviderScopeElement.mount (package:provider/src/inherited_provider.dart:424:11)
...     Normal element mounting (7 frames)
#825    _InheritedProviderScopeElement.mount (package:provider/src/inherited_provider.dart:424:11)
...     Normal element mounting (7 frames)
#832    SingleChildWidgetElementMixin.mount (package:nested/nested.dart:222:11)
...     Normal element mounting (7 frames)
#839    _NestedHookElement.mount (package:nested/nested.dart:187:11)
...     Normal element mounting (7 frames)
#846    SingleChildWidgetElementMixin.mount (package:nested/nested.dart:222:11)
...     Normal element mounting (7 frames)
#853    Element.inflateWidget (package:flutter/src/widgets/framework.dart:4587:20)
#854    Element.updateChild (package:flutter/src/widgets/framework.dart:4053:20)
#855    ComponentElement.performRebuild (package:flutter/src/widgets/framework.dart:5841:16)
#856    Element.rebuild (package:flutter/src/widgets/framework.dart:5529:7)
#857    ProxyElement.update (package:flutter/src/widgets/framework.dart:6149:5)
#858    _InheritedNotifierElement.update (package:flutter/src/widgets/inherited_notifier.dart:108:11)
#859    Element.updateChild (package:flutter/src/widgets/framework.dart:4037:15)
#860    ComponentElement.performRebuild (package:flutter/src/widgets/framework.dart:5841:16)
#861    StatefulElement.performRebuild (package:flutter/src/widgets/framework.dart:5982:11)
#862    Element.rebuild (package:flutter/src/widgets/framework.dart:5529:7)
#863    StatefulElement.update (package:flutter/src/widgets/framework.dart:6007:5)
#864    Element.updateChild (package:flutter/src/widgets/framework.dart:4037:15)
#865    ComponentElement.performRebuild (package:flutter/src/widgets/framework.dart:5841:16)
#866    Element.rebuild (package:flutter/src/widgets/framework.dart:5529:7)
#867    ProxyElement.update (package:flutter/src/widgets/framework.dart:6149:5)
#868    _InheritedNotifierElement.update (package:flutter/src/widgets/inherited_notifier.dart:108:11)
#869    Element.updateChild (package:flutter/src/widgets/framework.dart:4037:15)
#870    ComponentElement.performRebuild (package:flutter/src/widgets/framework.dart:5841:16)
#871    StatefulElement.performRebuild (package:flutter/src/widgets/framework.dart:5982:11)
#872    Element.rebuild (package:flutter/src/widgets/framework.dart:5529:7)
#873    StatefulElement.update (package:flutter/src/widgets/framework.dart:6007:5)
#874    Element.updateChild (package:flutter/src/widgets/framework.dart:4037:15)
#875    ComponentElement.performRebuild (package:flutter/src/widgets/framework.dart:5841:16)
#876    StatefulElement.performRebuild (package:flutter/src/widgets/framework.dart:5982:11)
#877    Element.rebuild (package:flutter/src/widgets/framework.dart:5529:7)
#878    StatefulElement.update (package:flutter/src/widgets/framework.dart:6007:5)
#879    Element.updateChild (package:flutter/src/widgets/framework.dart:4037:15)
#880    ComponentElement.performRebuild (package:flutter/src/widgets/framework.dart:5841:16)
#881    Element.rebuild (package:flutter/src/widgets/framework.dart:5529:7)
#882    ProxyElement.update (package:flutter/src/widgets/framework.dart:6149:5)
#883    Element.updateChild (package:flutter/src/widgets/framework.dart:4037:15)
#884    ComponentElement.performRebuild (package:flutter/src/widgets/framework.dart:5841:16)
#885    StatefulElement.performRebuild (package:flutter/src/widgets/framework.dart:5982:11)
#886    Element.rebuild (package:flutter/src/widgets/framework.dart:5529:7)
#887    StatefulElement.update (package:flutter/src/widgets/framework.dart:6007:5)
#888    Element.updateChild (package:flutter/src/widgets/framework.dart:4037:15)
#889    ComponentElement.performRebuild (package:flutter/src/widgets/framework.dart:5841:16)
#890    Element.rebuild (package:flutter/src/widgets/framework.dart:5529:7)
#891    ProxyElement.update (package:flutter/src/widgets/framework.dart:6149:5)
#892    Element.updateChild (package:flutter/src/widgets/framework.dart:4037:15)
#893    ComponentElement.performRebuild (package:flutter/src/widgets/framework.dart:5841:16)
#894    Element.rebuild (package:flutter/src/widgets/framework.dart:5529:7)
#895    ProxyElement.update (package:flutter/src/widgets/framework.dart:6149:5)
#896    Element.updateChild (package:flutter/src/widgets/framework.dart:4037:15)
#897    _RawViewElement._updateChild (package:flutter/src/widgets/view.dart:481:16)
#898    _RawViewElement.update (package:flutter/src/widgets/view.dart:568:5)
#899    Element.updateChild (package:flutter/src/widgets/framework.dart:4037:15)
#900    ComponentElement.performRebuild (package:flutter/src/widgets/framework.dart:5841:16)
#901    Element.rebuild (package:flutter/src/widgets/framework.dart:5529:7)
#902    StatelessElement.update (package:flutter/src/widgets/framework.dart:5895:5)
#903    Element.updateChild (package:flutter/src/widgets/framework.dart:4037:15)
#904    ComponentElement.performRebuild (package:flutter/src/widgets/framework.dart:5841:16)
#905    StatefulElement.performRebuild (package:flutter/src/widgets/framework.dart:5982:11)
#906    Element.rebuild (package:flutter/src/widgets/framework.dart:5529:7)
#907    StatefulElement.update (package:flutter/src/widgets/framework.dart:6007:5)
#908    Element.updateChild (package:flutter/src/widgets/framework.dart:4037:15)
#909    RootElement._rebuild (package:flutter/src/widgets/binding.dart:1822:16)
#910    RootElement.update (package:flutter/src/widgets/binding.dart:1800:5)
#911    RootElement.performRebuild (package:flutter/src/widgets/binding.dart:1814:7)
#912    Element.rebuild (package:flutter/src/widgets/framework.dart:5529:7)
#913    BuildScope._tryRebuild (package:flutter/src/widgets/framework.dart:2750:15)
#914    BuildScope._flushDirtyElements (package:flutter/src/widgets/framework.dart:2807:11)
#915    BuildOwner.buildScope (package:flutter/src/widgets/framework.dart:3111:18)
#916    AutomatedTestWidgetsFlutterBinding.drawFrame (package:flutter_test/src/binding.dart:2131:19)
#917    RendererBinding._handlePersistentFrameCallback (package:flutter/src/rendering/binding.dart:495:5)
#918    SchedulerBinding._invokeFrameCallback (package:flutter/src/scheduler/binding.dart:1430:15)
#919    SchedulerBinding.handleDrawFrame (package:flutter/src/scheduler/binding.dart:1345:9)
#920    AutomatedTestWidgetsFlutterBinding.pump.<anonymous closure> (package:flutter_test/src/binding.dart:1960:9)
#923    TestAsyncUtils.guard (package:flutter_test/src/test_async_utils.dart:74:41)
#924    AutomatedTestWidgetsFlutterBinding.pump (package:flutter_test/src/binding.dart:1949:27)
#925    WidgetTester.pumpWidget.<anonymous closure> (package:flutter_test/src/widget_tester.dart:598:22)
#928    TestAsyncUtils.guard (package:flutter_test/src/test_async_utils.dart:74:41)
#929    WidgetTester.pumpWidget (package:flutter_test/src/widget_tester.dart:595:27)
#930    main.<anonymous closure> (file:///C:/LDA%20Pro/test/widget_test.dart:6:18)
#931    testWidgets.<anonymous closure>.<anonymous closure> (package:flutter_test/src/widget_tester.dart:192:29)
<asynchronous suspension>
#932    TestWidgetsFlutterBinding._runTestBody (package:flutter_test/src/binding.dart:1682:5)
<asynchronous suspension>
<asynchronous suspension>
(elided 8 frames from dart:async and package:stack_trace)

Timer (duration: 0:00:10.000000, periodic: false), created:
#0      new FakeTimer._ (package:fake_async/fake_async.dart:342:62)
#1      FakeAsync._createTimer (package:fake_async/fake_async.dart:260:29)
#2      FakeAsync.run.<anonymous closure> (package:fake_async/fake_async.dart:185:15)
#6      _SplashScreenState._initializeApp (package:lexguard_ai/features/auth/screens/splash_screen.dart:48:10)
#7      _SplashScreenState.initState (package:lexguard_ai/features/auth/screens/splash_screen.dart:34:5)
#8      StatefulElement._firstBuild (package:flutter/src/widgets/framework.dart:5950:55)
#9      ComponentElement.mount (package:flutter/src/widgets/framework.dart:5793:5)
...     Normal element mounting (260 frames)
#269    Element.inflateWidget (package:flutter/src/widgets/framework.dart:4587:20)
#270    MultiChildRenderObjectElement.inflateWidget (package:flutter/src/widgets/framework.dart:7264:36)
#271    MultiChildRenderObjectElement.mount (package:flutter/src/widgets/framework.dart:7279:32)
...     Normal element mounting (470 frames)
#741    SingleChildWidgetElementMixin.mount (package:nested/nested.dart:222:11)
...     Normal element mounting (7 frames)
#748    _InheritedProviderScopeElement.mount (package:provider/src/inherited_provider.dart:424:11)
...     Normal element mounting (7 frames)
#755    _InheritedProviderScopeElement.mount (package:provider/src/inherited_provider.dart:424:11)
...     Normal element mounting (7 frames)
#762    _InheritedProviderScopeElement.mount (package:provider/src/inherited_provider.dart:424:11)
...     Normal element mounting (7 frames)
#769    _InheritedProviderScopeElement.mount (package:provider/src/inherited_provider.dart:424:11)
...     Normal element mounting (7 frames)
#776    _InheritedProviderScopeElement.mount (package:provider/src/inherited_provider.dart:424:11)
...     Normal element mounting (7 frames)
#783    _InheritedProviderScopeElement.mount (package:provider/src/inherited_provider.dart:424:11)
...     Normal element mounting (7 frames)
#790    _InheritedProviderScopeElement.mount (package:provider/src/inherited_provider.dart:424:11)
...     Normal element mounting (7 frames)
#797    _InheritedProviderScopeElement.mount (package:provider/src/inherited_provider.dart:424:11)
...     Normal element mounting (7 frames)
#804    _InheritedProviderScopeElement.mount (package:provider/src/inherited_provider.dart:424:11)
...     Normal element mounting (7 frames)
#811    _InheritedProviderScopeElement.mount (package:provider/src/inherited_provider.dart:424:11)
...     Normal element mounting (7 frames)
#818    _InheritedProviderScopeElement.mount (package:provider/src/inherited_provider.dart:424:11)
...     Normal element mounting (7 frames)
#825    _InheritedProviderScopeElement.mount (package:provider/src/inherited_provider.dart:424:11)
...     Normal element mounting (7 frames)
#832    SingleChildWidgetElementMixin.mount (package:nested/nested.dart:222:11)
...     Normal element mounting (7 frames)
#839    _NestedHookElement.mount (package:nested/nested.dart:187:11)
...     Normal element mounting (7 frames)
#846    SingleChildWidgetElementMixin.mount (package:nested/nested.dart:222:11)
...     Normal element mounting (7 frames)
#853    Element.inflateWidget (package:flutter/src/widgets/framework.dart:4587:20)
#854    Element.updateChild (package:flutter/src/widgets/framework.dart:4053:20)
#855    ComponentElement.performRebuild (package:flutter/src/widgets/framework.dart:5841:16)
#856    Element.rebuild (package:flutter/src/widgets/framework.dart:5529:7)
#857    ProxyElement.update (package:flutter/src/widgets/framework.dart:6149:5)
#858    _InheritedNotifierElement.update (package:flutter/src/widgets/inherited_notifier.dart:108:11)
#859    Element.updateChild (package:flutter/src/widgets/framework.dart:4037:15)
#860    ComponentElement.performRebuild (package:flutter/src/widgets/framework.dart:5841:16)
#861    StatefulElement.performRebuild (package:flutter/src/widgets/framework.dart:5982:11)
#862    Element.rebuild (package:flutter/src/widgets/framework.dart:5529:7)
#863    StatefulElement.update (package:flutter/src/widgets/framework.dart:6007:5)
#864    Element.updateChild (package:flutter/src/widgets/framework.dart:4037:15)
#865    ComponentElement.performRebuild (package:flutter/src/widgets/framework.dart:5841:16)
#866    Element.rebuild (package:flutter/src/widgets/framework.dart:5529:7)
#867    ProxyElement.update (package:flutter/src/widgets/framework.dart:6149:5)
#868    _InheritedNotifierElement.update (package:flutter/src/widgets/inherited_notifier.dart:108:11)
#869    Element.updateChild (package:flutter/src/widgets/framework.dart:4037:15)
#870    ComponentElement.performRebuild (package:flutter/src/widgets/framework.dart:5841:16)
#871    StatefulElement.performRebuild (package:flutter/src/widgets/framework.dart:5982:11)
#872    Element.rebuild (package:flutter/src/widgets/framework.dart:5529:7)
#873    StatefulElement.update (package:flutter/src/widgets/framework.dart:6007:5)
#874    Element.updateChild (package:flutter/src/widgets/framework.dart:4037:15)
#875    ComponentElement.performRebuild (package:flutter/src/widgets/framework.dart:5841:16)
#876    StatefulElement.performRebuild (package:flutter/src/widgets/framework.dart:5982:11)
#877    Element.rebuild (package:flutter/src/widgets/framework.dart:5529:7)
#878    StatefulElement.update (package:flutter/src/widgets/framework.dart:6007:5)
#879    Element.updateChild (package:flutter/src/widgets/framework.dart:4037:15)
#880    ComponentElement.performRebuild (package:flutter/src/widgets/framework.dart:5841:16)
#881    Element.rebuild (package:flutter/src/widgets/framework.dart:5529:7)
#882    ProxyElement.update (package:flutter/src/widgets/framework.dart:6149:5)
#883    Element.updateChild (package:flutter/src/widgets/framework.dart:4037:15)
#884    ComponentElement.performRebuild (package:flutter/src/widgets/framework.dart:5841:16)
#885    StatefulElement.performRebuild (package:flutter/src/widgets/framework.dart:5982:11)
#886    Element.rebuild (package:flutter/src/widgets/framework.dart:5529:7)
#887    StatefulElement.update (package:flutter/src/widgets/framework.dart:6007:5)
#888    Element.updateChild (package:flutter/src/widgets/framework.dart:4037:15)
#889    ComponentElement.performRebuild (package:flutter/src/widgets/framework.dart:5841:16)
#890    Element.rebuild (package:flutter/src/widgets/framework.dart:5529:7)
#891    ProxyElement.update (package:flutter/src/widgets/framework.dart:6149:5)
#892    Element.updateChild (package:flutter/src/widgets/framework.dart:4037:15)
#893    ComponentElement.performRebuild (package:flutter/src/widgets/framework.dart:5841:16)
#894    Element.rebuild (package:flutter/src/widgets/framework.dart:5529:7)
#895    ProxyElement.update (package:flutter/src/widgets/framework.dart:6149:5)
#896    Element.updateChild (package:flutter/src/widgets/framework.dart:4037:15)
#897    _RawViewElement._updateChild (package:flutter/src/widgets/view.dart:481:16)
#898    _RawViewElement.update (package:flutter/src/widgets/view.dart:568:5)
#899    Element.updateChild (package:flutter/src/widgets/framework.dart:4037:15)
#900    ComponentElement.performRebuild (package:flutter/src/widgets/framework.dart:5841:16)
#901    Element.rebuild (package:flutter/src/widgets/framework.dart:5529:7)
#902    StatelessElement.update (package:flutter/src/widgets/framework.dart:5895:5)
#903    Element.updateChild (package:flutter/src/widgets/framework.dart:4037:15)
#904    ComponentElement.performRebuild (package:flutter/src/widgets/framework.dart:5841:16)
#905    StatefulElement.performRebuild (package:flutter/src/widgets/framework.dart:5982:11)
#906    Element.rebuild (package:flutter/src/widgets/framework.dart:5529:7)
#907    StatefulElement.update (package:flutter/src/widgets/framework.dart:6007:5)
#908    Element.updateChild (package:flutter/src/widgets/framework.dart:4037:15)
#909    RootElement._rebuild (package:flutter/src/widgets/binding.dart:1822:16)
#910    RootElement.update (package:flutter/src/widgets/binding.dart:1800:5)
#911    RootElement.performRebuild (package:flutter/src/widgets/binding.dart:1814:7)
#912    Element.rebuild (package:flutter/src/widgets/framework.dart:5529:7)
#913    BuildScope._tryRebuild (package:flutter/src/widgets/framework.dart:2750:15)
#914    BuildScope._flushDirtyElements (package:flutter/src/widgets/framework.dart:2807:11)
#915    BuildOwner.buildScope (package:flutter/src/widgets/framework.dart:3111:18)
#916    AutomatedTestWidgetsFlutterBinding.drawFrame (package:flutter_test/src/binding.dart:2131:19)
#917    RendererBinding._handlePersistentFrameCallback (package:flutter/src/rendering/binding.dart:495:5)
#918    SchedulerBinding._invokeFrameCallback (package:flutter/src/scheduler/binding.dart:1430:15)
#919    SchedulerBinding.handleDrawFrame (package:flutter/src/scheduler/binding.dart:1345:9)
#920    AutomatedTestWidgetsFlutterBinding.pump.<anonymous closure> (package:flutter_test/src/binding.dart:1960:9)
#923    TestAsyncUtils.guard (package:flutter_test/src/test_async_utils.dart:74:41)
#924    AutomatedTestWidgetsFlutterBinding.pump (package:flutter_test/src/binding.dart:1949:27)
#925    WidgetTester.pumpWidget.<anonymous closure> (package:flutter_test/src/widget_tester.dart:598:22)
#928    TestAsyncUtils.guard (package:flutter_test/src/test_async_utils.dart:74:41)
#929    WidgetTester.pumpWidget (package:flutter_test/src/widget_tester.dart:595:27)
#930    main.<anonymous closure> (file:///C:/LDA%20Pro/test/widget_test.dart:6:18)
#931    testWidgets.<anonymous closure>.<anonymous closure> (package:flutter_test/src/widget_tester.dart:192:29)
<asynchronous suspension>
#932    TestWidgetsFlutterBinding._runTestBody (package:flutter_test/src/binding.dart:1682:5)
<asynchronous suspension>
<asynchronous suspension>
(elided 8 frames from dart:async and package:stack_trace)

Timer (duration: 0:00:00.000000, periodic: false), created:
#0      new FakeTimer._ (package:fake_async/fake_async.dart:342:62)
#1      FakeAsync._createTimer (package:fake_async/fake_async.dart:260:29)
#2      FakeAsync.run.<anonymous closure> (package:fake_async/fake_async.dart:185:15)
#6      _AnimateState._restart (package:flutter_animate/src/animate.dart:318:23)
#7      _AnimateState.initState (package:flutter_animate/src/animate.dart:290:5)
#8      StatefulElement._firstBuild (package:flutter/src/widgets/framework.dart:5950:55)
#9      ComponentElement.mount (package:flutter/src/widgets/framework.dart:5793:5)
#10     Element.inflateWidget (package:flutter/src/widgets/framework.dart:4587:20)
#11     MultiChildRenderObjectElement.inflateWidget (package:flutter/src/widgets/framework.dart:7264:36)
#12     MultiChildRenderObjectElement.mount (package:flutter/src/widgets/framework.dart:7279:32)
...     Normal element mounting (4 frames)
#16     Element.inflateWidget (package:flutter/src/widgets/framework.dart:4587:20)
#17     MultiChildRenderObjectElement.inflateWidget (package:flutter/src/widgets/framework.dart:7264:36)
#18     MultiChildRenderObjectElement.mount (package:flutter/src/widgets/framework.dart:7279:32)
...     Normal element mounting (37 frames)
#55     Element.inflateWidget (package:flutter/src/widgets/framework.dart:4587:20)
#56     MultiChildRenderObjectElement.inflateWidget (package:flutter/src/widgets/framework.dart:7264:36)
#57     MultiChildRenderObjectElement.mount (package:flutter/src/widgets/framework.dart:7279:32)
...     Normal element mounting (372 frames)
#429    Element.inflateWidget (package:flutter/src/widgets/framework.dart:4587:20)
#430    MultiChildRenderObjectElement.inflateWidget (package:flutter/src/widgets/framework.dart:7264:36)
#431    MultiChildRenderObjectElement.mount (package:flutter/src/widgets/framework.dart:7279:32)
...     Normal element mounting (470 frames)
#901    SingleChildWidgetElementMixin.mount (package:nested/nested.dart:222:11)
...     Normal element mounting (7 frames)
#908    _InheritedProviderScopeElement.mount (package:provider/src/inherited_provider.dart:424:11)
...     Normal element mounting (7 frames)
#915    _InheritedProviderScopeElement.mount (package:provider/src/inherited_provider.dart:424:11)
...     Normal element mounting (7 frames)
#922    _InheritedProviderScopeElement.mount (package:provider/src/inherited_provider.dart:424:11)
...     Normal element mounting (7 frames)
#929    _InheritedProviderScopeElement.mount (package:provider/src/inherited_provider.dart:424:11)
...     Normal element mounting (7 frames)
#936    _InheritedProviderScopeElement.mount (package:provider/src/inherited_provider.dart:424:11)
...     Normal element mounting (7 frames)
#943    _InheritedProviderScopeElement.mount (package:provider/src/inherited_provider.dart:424:11)
...     Normal element mounting (7 frames)
#950    _InheritedProviderScopeElement.mount (package:provider/src/inherited_provider.dart:424:11)
...     Normal element mounting (7 frames)
#957    _InheritedProviderScopeElement.mount (package:provider/src/inherited_provider.dart:424:11)
...     Normal element mounting (7 frames)
#964    _InheritedProviderScopeElement.mount (package:provider/src/inherited_provider.dart:424:11)
...     Normal element mounting (7 frames)
#971    _InheritedProviderScopeElement.mount (package:provider/src/inherited_provider.dart:424:11)
...     Normal element mounting (7 frames)
#978    _InheritedProviderScopeElement.mount (package:provider/src/inherited_provider.dart:424:11)
...     Normal element mounting (7 frames)
#985    _InheritedProviderScopeElement.mount (package:provider/src/inherited_provider.dart:424:11)
...     Normal element mounting (7 frames)
#992    SingleChildWidgetElementMixin.mount (package:nested/nested.dart:222:11)
...     Normal element mounting (7 frames)
#999    _NestedHookElement.mount (package:nested/nested.dart:187:11)
...     Normal element mounting (7 frames)
#1006   SingleChildWidgetElementMixin.mount (package:nested/nested.dart:222:11)
...     Normal element mounting (7 frames)
#1013   Element.inflateWidget (package:flutter/src/widgets/framework.dart:4587:20)
#1014   Element.updateChild (package:flutter/src/widgets/framework.dart:4053:20)
#1015   ComponentElement.performRebuild (package:flutter/src/widgets/framework.dart:5841:16)
#1016   Element.rebuild (package:flutter/src/widgets/framework.dart:5529:7)
#1017   ProxyElement.update (package:flutter/src/widgets/framework.dart:6149:5)
#1018   _InheritedNotifierElement.update (package:flutter/src/widgets/inherited_notifier.dart:108:11)
#1019   Element.updateChild (package:flutter/src/widgets/framework.dart:4037:15)
#1020   ComponentElement.performRebuild (package:flutter/src/widgets/framework.dart:5841:16)
#1021   StatefulElement.performRebuild (package:flutter/src/widgets/framework.dart:5982:11)
#1022   Element.rebuild (package:flutter/src/widgets/framework.dart:5529:7)
#1023   StatefulElement.update (package:flutter/src/widgets/framework.dart:6007:5)
#1024   Element.updateChild (package:flutter/src/widgets/framework.dart:4037:15)
#1025   ComponentElement.performRebuild (package:flutter/src/widgets/framework.dart:5841:16)
#1026   Element.rebuild (package:flutter/src/widgets/framework.dart:5529:7)
#1027   ProxyElement.update (package:flutter/src/widgets/framework.dart:6149:5)
#1028   _InheritedNotifierElement.update (package:flutter/src/widgets/inherited_notifier.dart:108:11)
#1029   Element.updateChild (package:flutter/src/widgets/framework.dart:4037:15)
#1030   ComponentElement.performRebuild (package:flutter/src/widgets/framework.dart:5841:16)
#1031   StatefulElement.performRebuild (package:flutter/src/widgets/framework.dart:5982:11)
#1032   Element.rebuild (package:flutter/src/widgets/framework.dart:5529:7)
#1033   StatefulElement.update (package:flutter/src/widgets/framework.dart:6007:5)
#1034   Element.updateChild (package:flutter/src/widgets/framework.dart:4037:15)
#1035   ComponentElement.performRebuild (package:flutter/src/widgets/framework.dart:5841:16)
#1036   StatefulElement.performRebuild (package:flutter/src/widgets/framework.dart:5982:11)
#1037   Element.rebuild (package:flutter/src/widgets/framework.dart:5529:7)
#1038   StatefulElement.update (package:flutter/src/widgets/framework.dart:6007:5)
#1039   Element.updateChild (package:flutter/src/widgets/framework.dart:4037:15)
#1040   ComponentElement.performRebuild (package:flutter/src/widgets/framework.dart:5841:16)
#1041   Element.rebuild (package:flutter/src/widgets/framework.dart:5529:7)
#1042   ProxyElement.update (package:flutter/src/widgets/framework.dart:6149:5)
#1043   Element.updateChild (package:flutter/src/widgets/framework.dart:4037:15)
#1044   ComponentElement.performRebuild (package:flutter/src/widgets/framework.dart:5841:16)
#1045   StatefulElement.performRebuild (package:flutter/src/widgets/framework.dart:5982:11)
#1046   Element.rebuild (package:flutter/src/widgets/framework.dart:5529:7)
#1047   StatefulElement.update (package:flutter/src/widgets/framework.dart:6007:5)
#1048   Element.updateChild (package:flutter/src/widgets/framework.dart:4037:15)
#1049   ComponentElement.performRebuild (package:flutter/src/widgets/framework.dart:5841:16)
#1050   Element.rebuild (package:flutter/src/widgets/framework.dart:5529:7)
#1051   ProxyElement.update (package:flutter/src/widgets/framework.dart:6149:5)
#1052   Element.updateChild (package:flutter/src/widgets/framework.dart:4037:15)
#1053   ComponentElement.performRebuild (package:flutter/src/widgets/framework.dart:5841:16)
#1054   Element.rebuild (package:flutter/src/widgets/framework.dart:5529:7)
#1055   ProxyElement.update (package:flutter/src/widgets/framework.dart:6149:5)
#1056   Element.updateChild (package:flutter/src/widgets/framework.dart:4037:15)
#1057   _RawViewElement._updateChild (package:flutter/src/widgets/view.dart:481:16)
#1058   _RawViewElement.update (package:flutter/src/widgets/view.dart:568:5)
#1059   Element.updateChild (package:flutter/src/widgets/framework.dart:4037:15)
#1060   ComponentElement.performRebuild (package:flutter/src/widgets/framework.dart:5841:16)
#1061   Element.rebuild (package:flutter/src/widgets/framework.dart:5529:7)
#1062   StatelessElement.update (package:flutter/src/widgets/framework.dart:5895:5)
#1063   Element.updateChild (package:flutter/src/widgets/framework.dart:4037:15)
#1064   ComponentElement.performRebuild (package:flutter/src/widgets/framework.dart:5841:16)
#1065   StatefulElement.performRebuild (package:flutter/src/widgets/framework.dart:5982:11)
#1066   Element.rebuild (package:flutter/src/widgets/framework.dart:5529:7)
#1067   StatefulElement.update (package:flutter/src/widgets/framework.dart:6007:5)
#1068   Element.updateChild (package:flutter/src/widgets/framework.dart:4037:15)
#1069   RootElement._rebuild (package:flutter/src/widgets/binding.dart:1822:16)
#1070   RootElement.update (package:flutter/src/widgets/binding.dart:1800:5)
#1071   RootElement.performRebuild (package:flutter/src/widgets/binding.dart:1814:7)
#1072   Element.rebuild (package:flutter/src/widgets/framework.dart:5529:7)
#1073   BuildScope._tryRebuild (package:flutter/src/widgets/framework.dart:2750:15)
#1074   BuildScope._flushDirtyElements (package:flutter/src/widgets/framework.dart:2807:11)
#1075   BuildOwner.buildScope (package:flutter/src/widgets/framework.dart:3111:18)
#1076   AutomatedTestWidgetsFlutterBinding.drawFrame (package:flutter_test/src/binding.dart:2131:19)
#1077   RendererBinding._handlePersistentFrameCallback (package:flutter/src/rendering/binding.dart:495:5)
#1078   SchedulerBinding._invokeFrameCallback (package:flutter/src/scheduler/binding.dart:1430:15)
#1079   SchedulerBinding.handleDrawFrame (package:flutter/src/scheduler/binding.dart:1345:9)
#1080   AutomatedTestWidgetsFlutterBinding.pump.<anonymous closure> (package:flutter_test/src/binding.dart:1960:9)
#1083   TestAsyncUtils.guard (package:flutter_test/src/test_async_utils.dart:74:41)
#1084   AutomatedTestWidgetsFlutterBinding.pump (package:flutter_test/src/binding.dart:1949:27)
#1085   WidgetTester.pumpWidget.<anonymous closure> (package:flutter_test/src/widget_tester.dart:598:22)
#1088   TestAsyncUtils.guard (package:flutter_test/src/test_async_utils.dart:74:41)
#1089   WidgetTester.pumpWidget (package:flutter_test/src/widget_tester.dart:595:27)
#1090   main.<anonymous closure> (file:///C:/LDA%20Pro/test/widget_test.dart:6:18)
#1091   testWidgets.<anonymous closure>.<anonymous closure> (package:flutter_test/src/widget_tester.dart:192:29)
<asynchronous suspension>
#1092   TestWidgetsFlutterBinding._runTestBody (package:flutter_test/src/binding.dart:1682:5)
<asynchronous suspension>
<asynchronous suspension>
(elided 8 frames from dart:async and package:stack_trace)

Timer (duration: 0:00:00.300000, periodic: false), created:
#0      new FakeTimer._ (package:fake_async/fake_async.dart:342:62)
#1      FakeAsync._createTimer (package:fake_async/fake_async.dart:260:29)
#2      FakeAsync.run.<anonymous closure> (package:fake_async/fake_async.dart:185:15)
#6      _AnimateState._restart (package:flutter_animate/src/animate.dart:318:23)
#7      _AnimateState.initState (package:flutter_animate/src/animate.dart:290:5)
#8      StatefulElement._firstBuild (package:flutter/src/widgets/framework.dart:5950:55)
#9      ComponentElement.mount (package:flutter/src/widgets/framework.dart:5793:5)
#10     Element.inflateWidget (package:flutter/src/widgets/framework.dart:4587:20)
#11     MultiChildRenderObjectElement.inflateWidget (package:flutter/src/widgets/framework.dart:7264:36)
#12     MultiChildRenderObjectElement.mount (package:flutter/src/widgets/framework.dart:7279:32)
...     Normal element mounting (4 frames)
#16     Element.inflateWidget (package:flutter/src/widgets/framework.dart:4587:20)
#17     MultiChildRenderObjectElement.inflateWidget (package:flutter/src/widgets/framework.dart:7264:36)
#18     MultiChildRenderObjectElement.mount (package:flutter/src/widgets/framework.dart:7279:32)
...     Normal element mounting (37 frames)
#55     Element.inflateWidget (package:flutter/src/widgets/framework.dart:4587:20)
#56     MultiChildRenderObjectElement.inflateWidget (package:flutter/src/widgets/framework.dart:7264:36)
#57     MultiChildRenderObjectElement.mount (package:flutter/src/widgets/framework.dart:7279:32)
...     Normal element mounting (372 frames)
#429    Element.inflateWidget (package:flutter/src/widgets/framework.dart:4587:20)
#430    MultiChildRenderObjectElement.inflateWidget (package:flutter/src/widgets/framework.dart:7264:36)
#431    MultiChildRenderObjectElement.mount (package:flutter/src/widgets/framework.dart:7279:32)
...     Normal element mounting (470 frames)
#901    SingleChildWidgetElementMixin.mount (package:nested/nested.dart:222:11)
...     Normal element mounting (7 frames)
#908    _InheritedProviderScopeElement.mount (package:provider/src/inherited_provider.dart:424:11)
...     Normal element mounting (7 frames)
#915    _InheritedProviderScopeElement.mount (package:provider/src/inherited_provider.dart:424:11)
...     Normal element mounting (7 frames)
#922    _InheritedProviderScopeElement.mount (package:provider/src/inherited_provider.dart:424:11)
...     Normal element mounting (7 frames)
#929    _InheritedProviderScopeElement.mount (package:provider/src/inherited_provider.dart:424:11)
...     Normal element mounting (7 frames)
#936    _InheritedProviderScopeElement.mount (package:provider/src/inherited_provider.dart:424:11)
...     Normal element mounting (7 frames)
#943    _InheritedProviderScopeElement.mount (package:provider/src/inherited_provider.dart:424:11)
...     Normal element mounting (7 frames)
#950    _InheritedProviderScopeElement.mount (package:provider/src/inherited_provider.dart:424:11)
...     Normal element mounting (7 frames)
#957    _InheritedProviderScopeElement.mount (package:provider/src/inherited_provider.dart:424:11)
...     Normal element mounting (7 frames)
#964    _InheritedProviderScopeElement.mount (package:provider/src/inherited_provider.dart:424:11)
...     Normal element mounting (7 frames)
#971    _InheritedProviderScopeElement.mount (package:provider/src/inherited_provider.dart:424:11)
...     Normal element mounting (7 frames)
#978    _InheritedProviderScopeElement.mount (package:provider/src/inherited_provider.dart:424:11)
...     Normal element mounting (7 frames)
#985    _InheritedProviderScopeElement.mount (package:provider/src/inherited_provider.dart:424:11)
...     Normal element mounting (7 frames)
#992    SingleChildWidgetElementMixin.mount (package:nested/nested.dart:222:11)
...     Normal element mounting (7 frames)
#999    _NestedHookElement.mount (package:nested/nested.dart:187:11)
...     Normal element mounting (7 frames)
#1006   SingleChildWidgetElementMixin.mount (package:nested/nested.dart:222:11)
...     Normal element mounting (7 frames)
#1013   Element.inflateWidget (package:flutter/src/widgets/framework.dart:4587:20)
#1014   Element.updateChild (package:flutter/src/widgets/framework.dart:4053:20)
#1015   ComponentElement.performRebuild (package:flutter/src/widgets/framework.dart:5841:16)
#1016   Element.rebuild (package:flutter/src/widgets/framework.dart:5529:7)
#1017   ProxyElement.update (package:flutter/src/widgets/framework.dart:6149:5)
#1018   _InheritedNotifierElement.update (package:flutter/src/widgets/inherited_notifier.dart:108:11)
#1019   Element.updateChild (package:flutter/src/widgets/framework.dart:4037:15)
#1020   ComponentElement.performRebuild (package:flutter/src/widgets/framework.dart:5841:16)
#1021   StatefulElement.performRebuild (package:flutter/src/widgets/framework.dart:5982:11)
#1022   Element.rebuild (package:flutter/src/widgets/framework.dart:5529:7)
#1023   StatefulElement.update (package:flutter/src/widgets/framework.dart:6007:5)
#1024   Element.updateChild (package:flutter/src/widgets/framework.dart:4037:15)
#1025   ComponentElement.performRebuild (package:flutter/src/widgets/framework.dart:5841:16)
#1026   Element.rebuild (package:flutter/src/widgets/framework.dart:5529:7)
#1027   ProxyElement.update (package:flutter/src/widgets/framework.dart:6149:5)
#1028   _InheritedNotifierElement.update (package:flutter/src/widgets/inherited_notifier.dart:108:11)
#1029   Element.updateChild (package:flutter/src/widgets/framework.dart:4037:15)
#1030   ComponentElement.performRebuild (package:flutter/src/widgets/framework.dart:5841:16)
#1031   StatefulElement.performRebuild (package:flutter/src/widgets/framework.dart:5982:11)
#1032   Element.rebuild (package:flutter/src/widgets/framework.dart:5529:7)
#1033   StatefulElement.update (package:flutter/src/widgets/framework.dart:6007:5)
#1034   Element.updateChild (package:flutter/src/widgets/framework.dart:4037:15)
#1035   ComponentElement.performRebuild (package:flutter/src/widgets/framework.dart:5841:16)
#1036   StatefulElement.performRebuild (package:flutter/src/widgets/framework.dart:5982:11)
#1037   Element.rebuild (package:flutter/src/widgets/framework.dart:5529:7)
#1038   StatefulElement.update (package:flutter/src/widgets/framework.dart:6007:5)
#1039   Element.updateChild (package:flutter/src/widgets/framework.dart:4037:15)
#1040   ComponentElement.performRebuild (package:flutter/src/widgets/framework.dart:5841:16)
#1041   Element.rebuild (package:flutter/src/widgets/framework.dart:5529:7)
#1042   ProxyElement.update (package:flutter/src/widgets/framework.dart:6149:5)
#1043   Element.updateChild (package:flutter/src/widgets/framework.dart:4037:15)
#1044   ComponentElement.performRebuild (package:flutter/src/widgets/framework.dart:5841:16)
#1045   StatefulElement.performRebuild (package:flutter/src/widgets/framework.dart:5982:11)
#1046   Element.rebuild (package:flutter/src/widgets/framework.dart:5529:7)
#1047   StatefulElement.update (package:flutter/src/widgets/framework.dart:6007:5)
#1048   Element.updateChild (package:flutter/src/widgets/framework.dart:4037:15)
#1049   ComponentElement.performRebuild (package:flutter/src/widgets/framework.dart:5841:16)
#1050   Element.rebuild (package:flutter/src/widgets/framework.dart:5529:7)
#1051   ProxyElement.update (package:flutter/src/widgets/framework.dart:6149:5)
#1052   Element.updateChild (package:flutter/src/widgets/framework.dart:4037:15)
#1053   ComponentElement.performRebuild (package:flutter/src/widgets/framework.dart:5841:16)
#1054   Element.rebuild (package:flutter/src/widgets/framework.dart:5529:7)
#1055   ProxyElement.update (package:flutter/src/widgets/framework.dart:6149:5)
#1056   Element.updateChild (package:flutter/src/widgets/framework.dart:4037:15)
#1057   _RawViewElement._updateChild (package:flutter/src/widgets/view.dart:481:16)
#1058   _RawViewElement.update (package:flutter/src/widgets/view.dart:568:5)
#1059   Element.updateChild (package:flutter/src/widgets/framework.dart:4037:15)
#1060   ComponentElement.performRebuild (package:flutter/src/widgets/framework.dart:5841:16)
#1061   Element.rebuild (package:flutter/src/widgets/framework.dart:5529:7)
#1062   StatelessElement.update (package:flutter/src/widgets/framework.dart:5895:5)
#1063   Element.updateChild (package:flutter/src/widgets/framework.dart:4037:15)
#1064   ComponentElement.performRebuild (package:flutter/src/widgets/framework.dart:5841:16)
#1065   StatefulElement.performRebuild (package:flutter/src/widgets/framework.dart:5982:11)
#1066   Element.rebuild (package:flutter/src/widgets/framework.dart:5529:7)
#1067   StatefulElement.update (package:flutter/src/widgets/framework.dart:6007:5)
#1068   Element.updateChild (package:flutter/src/widgets/framework.dart:4037:15)
#1069   RootElement._rebuild (package:flutter/src/widgets/binding.dart:1822:16)
#1070   RootElement.update (package:flutter/src/widgets/binding.dart:1800:5)
#1071   RootElement.performRebuild (package:flutter/src/widgets/binding.dart:1814:7)
#1072   Element.rebuild (package:flutter/src/widgets/framework.dart:5529:7)
#1073   BuildScope._tryRebuild (package:flutter/src/widgets/framework.dart:2750:15)
#1074   BuildScope._flushDirtyElements (package:flutter/src/widgets/framework.dart:2807:11)
#1075   BuildOwner.buildScope (package:flutter/src/widgets/framework.dart:3111:18)
#1076   AutomatedTestWidgetsFlutterBinding.drawFrame (package:flutter_test/src/binding.dart:2131:19)
#1077   RendererBinding._handlePersistentFrameCallback (package:flutter/src/rendering/binding.dart:495:5)
#1078   SchedulerBinding._invokeFrameCallback (package:flutter/src/scheduler/binding.dart:1430:15)
#1079   SchedulerBinding.handleDrawFrame (package:flutter/src/scheduler/binding.dart:1345:9)
#1080   AutomatedTestWidgetsFlutterBinding.pump.<anonymous closure> (package:flutter_test/src/binding.dart:1960:9)
#1083   TestAsyncUtils.guard (package:flutter_test/src/test_async_utils.dart:74:41)
#1084   AutomatedTestWidgetsFlutterBinding.pump (package:flutter_test/src/binding.dart:1949:27)
#1085   WidgetTester.pumpWidget.<anonymous closure> (package:flutter_test/src/widget_tester.dart:598:22)
#1088   TestAsyncUtils.guard (package:flutter_test/src/test_async_utils.dart:74:41)
#1089   WidgetTester.pumpWidget (package:flutter_test/src/widget_tester.dart:595:27)
#1090   main.<anonymous closure> (file:///C:/LDA%20Pro/test/widget_test.dart:6:18)
#1091   testWidgets.<anonymous closure>.<anonymous closure> (package:flutter_test/src/widget_tester.dart:192:29)
<asynchronous suspension>
#1092   TestWidgetsFlutterBinding._runTestBody (package:flutter_test/src/binding.dart:1682:5)
<asynchronous suspension>
<asynchronous suspension>
(elided 8 frames from dart:async and package:stack_trace)

Timer (duration: 0:00:00.000000, periodic: false), created:
#0      new FakeTimer._ (package:fake_async/fake_async.dart:342:62)
#1      FakeAsync._createTimer (package:fake_async/fake_async.dart:260:29)
#2      FakeAsync.run.<anonymous closure> (package:fake_async/fake_async.dart:185:15)
#6      _AnimateState._restart (package:flutter_animate/src/animate.dart:318:23)
#7      _AnimateState.initState (package:flutter_animate/src/animate.dart:290:5)
#8      StatefulElement._firstBuild (package:flutter/src/widgets/framework.dart:5950:55)
#9      ComponentElement.mount (package:flutter/src/widgets/framework.dart:5793:5)
#10     Element.inflateWidget (package:flutter/src/widgets/framework.dart:4587:20)
#11     MultiChildRenderObjectElement.inflateWidget (package:flutter/src/widgets/framework.dart:7264:36)
#12     MultiChildRenderObjectElement.mount (package:flutter/src/widgets/framework.dart:7279:32)
...     Normal element mounting (4 frames)
#16     Element.inflateWidget (package:flutter/src/widgets/framework.dart:4587:20)
#17     MultiChildRenderObjectElement.inflateWidget (package:flutter/src/widgets/framework.dart:7264:36)
#18     MultiChildRenderObjectElement.mount (package:flutter/src/widgets/framework.dart:7279:32)
...     Normal element mounting (37 frames)
#55     Element.inflateWidget (package:flutter/src/widgets/framework.dart:4587:20)
#56     MultiChildRenderObjectElement.inflateWidget (package:flutter/src/widgets/framework.dart:7264:36)
#57     MultiChildRenderObjectElement.mount (package:flutter/src/widgets/framework.dart:7279:32)
...     Normal element mounting (372 frames)
#429    Element.inflateWidget (package:flutter/src/widgets/framework.dart:4587:20)
#430    MultiChildRenderObjectElement.inflateWidget (package:flutter/src/widgets/framework.dart:7264:36)
#431    MultiChildRenderObjectElement.mount (package:flutter/src/widgets/framework.dart:7279:32)
...     Normal element mounting (470 frames)
#901    SingleChildWidgetElementMixin.mount (package:nested/nested.dart:222:11)
...     Normal element mounting (7 frames)
#908    _InheritedProviderScopeElement.mount (package:provider/src/inherited_provider.dart:424:11)
...     Normal element mounting (7 frames)
#915    _InheritedProviderScopeElement.mount (package:provider/src/inherited_provider.dart:424:11)
...     Normal element mounting (7 frames)
#922    _InheritedProviderScopeElement.mount (package:provider/src/inherited_provider.dart:424:11)
...     Normal element mounting (7 frames)
#929    _InheritedProviderScopeElement.mount (package:provider/src/inherited_provider.dart:424:11)
...     Normal element mounting (7 frames)
#936    _InheritedProviderScopeElement.mount (package:provider/src/inherited_provider.dart:424:11)
...     Normal element mounting (7 frames)
#943    _InheritedProviderScopeElement.mount (package:provider/src/inherited_provider.dart:424:11)
...     Normal element mounting (7 frames)
#950    _InheritedProviderScopeElement.mount (package:provider/src/inherited_provider.dart:424:11)
...     Normal element mounting (7 frames)
#957    _InheritedProviderScopeElement.mount (package:provider/src/inherited_provider.dart:424:11)
...     Normal element mounting (7 frames)
#964    _InheritedProviderScopeElement.mount (package:provider/src/inherited_provider.dart:424:11)
...     Normal element mounting (7 frames)
#971    _InheritedProviderScopeElement.mount (package:provider/src/inherited_provider.dart:424:11)
...     Normal element mounting (7 frames)
#978    _InheritedProviderScopeElement.mount (package:provider/src/inherited_provider.dart:424:11)
...     Normal element mounting (7 frames)
#985    _InheritedProviderScopeElement.mount (package:provider/src/inherited_provider.dart:424:11)
...     Normal element mounting (7 frames)
#992    SingleChildWidgetElementMixin.mount (package:nested/nested.dart:222:11)
...     Normal element mounting (7 frames)
#999    _NestedHookElement.mount (package:nested/nested.dart:187:11)
...     Normal element mounting (7 frames)
#1006   SingleChildWidgetElementMixin.mount (package:nested/nested.dart:222:11)
...     Normal element mounting (7 frames)
#1013   Element.inflateWidget (package:flutter/src/widgets/framework.dart:4587:20)
#1014   Element.updateChild (package:flutter/src/widgets/framework.dart:4053:20)
#1015   ComponentElement.performRebuild (package:flutter/src/widgets/framework.dart:5841:16)
#1016   Element.rebuild (package:flutter/src/widgets/framework.dart:5529:7)
#1017   ProxyElement.update (package:flutter/src/widgets/framework.dart:6149:5)
#1018   _InheritedNotifierElement.update (package:flutter/src/widgets/inherited_notifier.dart:108:11)
#1019   Element.updateChild (package:flutter/src/widgets/framework.dart:4037:15)
#1020   ComponentElement.performRebuild (package:flutter/src/widgets/framework.dart:5841:16)
#1021   StatefulElement.performRebuild (package:flutter/src/widgets/framework.dart:5982:11)
#1022   Element.rebuild (package:flutter/src/widgets/framework.dart:5529:7)
#1023   StatefulElement.update (package:flutter/src/widgets/framework.dart:6007:5)
#1024   Element.updateChild (package:flutter/src/widgets/framework.dart:4037:15)
#1025   ComponentElement.performRebuild (package:flutter/src/widgets/framework.dart:5841:16)
#1026   Element.rebuild (package:flutter/src/widgets/framework.dart:5529:7)
#1027   ProxyElement.update (package:flutter/src/widgets/framework.dart:6149:5)
#1028   _InheritedNotifierElement.update (package:flutter/src/widgets/inherited_notifier.dart:108:11)
#1029   Element.updateChild (package:flutter/src/widgets/framework.dart:4037:15)
#1030   ComponentElement.performRebuild (package:flutter/src/widgets/framework.dart:5841:16)
#1031   StatefulElement.performRebuild (package:flutter/src/widgets/framework.dart:5982:11)
#1032   Element.rebuild (package:flutter/src/widgets/framework.dart:5529:7)
#1033   StatefulElement.update (package:flutter/src/widgets/framework.dart:6007:5)
#1034   Element.updateChild (package:flutter/src/widgets/framework.dart:4037:15)
#1035   ComponentElement.performRebuild (package:flutter/src/widgets/framework.dart:5841:16)
#1036   StatefulElement.performRebuild (package:flutter/src/widgets/framework.dart:5982:11)
#1037   Element.rebuild (package:flutter/src/widgets/framework.dart:5529:7)
#1038   StatefulElement.update (package:flutter/src/widgets/framework.dart:6007:5)
#1039   Element.updateChild (package:flutter/src/widgets/framework.dart:4037:15)
#1040   ComponentElement.performRebuild (package:flutter/src/widgets/framework.dart:5841:16)
#1041   Element.rebuild (package:flutter/src/widgets/framework.dart:5529:7)
#1042   ProxyElement.update (package:flutter/src/widgets/framework.dart:6149:5)
#1043   Element.updateChild (package:flutter/src/widgets/framework.dart:4037:15)
#1044   ComponentElement.performRebuild (package:flutter/src/widgets/framework.dart:5841:16)
#1045   StatefulElement.performRebuild (package:flutter/src/widgets/framework.dart:5982:11)
#1046   Element.rebuild (package:flutter/src/widgets/framework.dart:5529:7)
#1047   StatefulElement.update (package:flutter/src/widgets/framework.dart:6007:5)
#1048   Element.updateChild (package:flutter/src/widgets/framework.dart:4037:15)
#1049   ComponentElement.performRebuild (package:flutter/src/widgets/framework.dart:5841:16)
#1050   Element.rebuild (package:flutter/src/widgets/framework.dart:5529:7)
#1051   ProxyElement.update (package:flutter/src/widgets/framework.dart:6149:5)
#1052   Element.updateChild (package:flutter/src/widgets/framework.dart:4037:15)
#1053   ComponentElement.performRebuild (package:flutter/src/widgets/framework.dart:5841:16)
#1054   Element.rebuild (package:flutter/src/widgets/framework.dart:5529:7)
#1055   ProxyElement.update (package:flutter/src/widgets/framework.dart:6149:5)
#1056   Element.updateChild (package:flutter/src/widgets/framework.dart:4037:15)
#1057   _RawViewElement._updateChild (package:flutter/src/widgets/view.dart:481:16)
#1058   _RawViewElement.update (package:flutter/src/widgets/view.dart:568:5)
#1059   Element.updateChild (package:flutter/src/widgets/framework.dart:4037:15)
#1060   ComponentElement.performRebuild (package:flutter/src/widgets/framework.dart:5841:16)
#1061   Element.rebuild (package:flutter/src/widgets/framework.dart:5529:7)
#1062   StatelessElement.update (package:flutter/src/widgets/framework.dart:5895:5)
#1063   Element.updateChild (package:flutter/src/widgets/framework.dart:4037:15)
#1064   ComponentElement.performRebuild (package:flutter/src/widgets/framework.dart:5841:16)
#1065   StatefulElement.performRebuild (package:flutter/src/widgets/framework.dart:5982:11)
#1066   Element.rebuild (package:flutter/src/widgets/framework.dart:5529:7)
#1067   StatefulElement.update (package:flutter/src/widgets/framework.dart:6007:5)
#1068   Element.updateChild (package:flutter/src/widgets/framework.dart:4037:15)
#1069   RootElement._rebuild (package:flutter/src/widgets/binding.dart:1822:16)
#1070   RootElement.update (package:flutter/src/widgets/binding.dart:1800:5)
#1071   RootElement.performRebuild (package:flutter/src/widgets/binding.dart:1814:7)
#1072   Element.rebuild (package:flutter/src/widgets/framework.dart:5529:7)
#1073   BuildScope._tryRebuild (package:flutter/src/widgets/framework.dart:2750:15)
#1074   BuildScope._flushDirtyElements (package:flutter/src/widgets/framework.dart:2807:11)
#1075   BuildOwner.buildScope (package:flutter/src/widgets/framework.dart:3111:18)
#1076   AutomatedTestWidgetsFlutterBinding.drawFrame (package:flutter_test/src/binding.dart:2131:19)
#1077   RendererBinding._handlePersistentFrameCallback (package:flutter/src/rendering/binding.dart:495:5)
#1078   SchedulerBinding._invokeFrameCallback (package:flutter/src/scheduler/binding.dart:1430:15)
#1079   SchedulerBinding.handleDrawFrame (package:flutter/src/scheduler/binding.dart:1345:9)
#1080   AutomatedTestWidgetsFlutterBinding.pump.<anonymous closure> (package:flutter_test/src/binding.dart:1960:9)
#1083   TestAsyncUtils.guard (package:flutter_test/src/test_async_utils.dart:74:41)
#1084   AutomatedTestWidgetsFlutterBinding.pump (package:flutter_test/src/binding.dart:1949:27)
#1085   WidgetTester.pumpWidget.<anonymous closure> (package:flutter_test/src/widget_tester.dart:598:22)
#1088   TestAsyncUtils.guard (package:flutter_test/src/test_async_utils.dart:74:41)
#1089   WidgetTester.pumpWidget (package:flutter_test/src/widget_tester.dart:595:27)
#1090   main.<anonymous closure> (file:///C:/LDA%20Pro/test/widget_test.dart:6:18)
#1091   testWidgets.<anonymous closure>.<anonymous closure> (package:flutter_test/src/widget_tester.dart:192:29)
<asynchronous suspension>
#1092   TestWidgetsFlutterBinding._runTestBody (package:flutter_test/src/binding.dart:1682:5)
<asynchronous suspension>
<asynchronous suspension>
(elided 8 frames from dart:async and package:stack_trace)

ΓòÉΓòÉΓòí EXCEPTION CAUGHT BY FLUTTER TEST FRAMEWORK Γò₧ΓòÉΓòÉΓòÉΓòÉΓòÉΓòÉΓòÉΓòÉΓòÉΓòÉΓòÉΓòÉΓòÉΓòÉΓòÉΓòÉΓòÉΓòÉΓòÉΓòÉΓòÉΓòÉΓòÉΓòÉΓòÉΓòÉΓòÉΓòÉΓòÉΓòÉΓòÉΓòÉΓòÉΓòÉΓòÉΓòÉΓòÉΓòÉΓòÉΓòÉΓòÉΓòÉΓòÉΓòÉΓòÉΓòÉΓòÉΓòÉΓòÉΓòÉΓòÉΓòÉ
The following assertion was thrown running a test:
A Timer is still pending even after the widget tree was disposed.
'package:flutter_test/src/binding.dart':
Failed assertion: line 2242 pos 12: '!timersPending'

When the exception was thrown, this was the stack:
#2      AutomatedTestWidgetsFlutterBinding._verifyInvariants (package:flutter_test/src/binding.dart:2242:12)
#3      TestWidgetsFlutterBinding._runTestBody (package:flutter_test/src/binding.dart:1703:7)
<asynchronous suspension>
<asynchronous suspension>
(elided 3 frames from class _AssertionError and package:stack_trace)

The test description was:
  LexGuard AI smoke test
ΓòÉΓòÉΓòÉΓòÉΓòÉΓòÉΓòÉΓòÉΓòÉΓòÉΓòÉΓòÉΓòÉΓòÉΓòÉΓòÉΓòÉΓòÉΓòÉΓòÉΓòÉΓòÉΓòÉΓòÉΓòÉΓòÉΓòÉΓòÉΓòÉΓòÉΓòÉΓòÉΓòÉΓòÉΓòÉΓòÉΓòÉΓòÉΓòÉΓòÉΓòÉΓòÉΓòÉΓòÉΓòÉΓòÉΓòÉΓòÉΓòÉΓòÉΓòÉΓòÉΓòÉΓòÉΓòÉΓòÉΓòÉΓòÉΓòÉΓòÉΓòÉΓòÉΓòÉΓòÉΓòÉΓòÉΓòÉΓòÉΓòÉΓòÉΓòÉΓòÉΓòÉΓòÉΓòÉΓòÉΓòÉΓòÉΓòÉΓòÉΓòÉΓòÉΓòÉΓòÉΓòÉΓòÉΓòÉΓòÉΓòÉΓòÉΓòÉΓòÉΓòÉΓòÉΓòÉΓòÉΓòÉΓòÉΓòÉΓòÉ
00:01 +0 -1: LexGuard AI smoke test [E]
  Test failed. See exception logs above.
  The test description was: LexGuard AI smoke test
  
00:01 +0 -1: Some tests failed.
